
> muneerul-islam@0.1.0 build
> next build

  ▲ Next.js 14.2.35
  - Environments: .env

   Creating an optimized production build ...
 ✓ Compiled successfully
   Linting and checking validity of types ...

Failed to compile.

./src/app/(public)/gallery/page.tsx
20:66  Error: `'` can be escaped with `&apos;`, `&lsquo;`, `&#39;`, `&rsquo;`.  react/no-unescaped-entities

./src/app/api/announcements/route.ts
9:18  Error: Unexpected any. Specify a different type.  @typescript-eslint/no-explicit-any
18:12  Error: 'error' is defined but never used.  @typescript-eslint/no-unused-vars
37:12  Error: 'error' is defined but never used.  @typescript-eslint/no-unused-vars

./src/app/api/auth/[...nextauth]/route.ts
36:41  Error: Unexpected any. Specify a different type.  @typescript-eslint/no-explicit-any
36:52  Error: Unexpected any. Specify a different type.  @typescript-eslint/no-explicit-any
43:50  Error: Unexpected any. Specify a different type.  @typescript-eslint/no-explicit-any
43:62  Error: Unexpected any. Specify a different type.  @typescript-eslint/no-explicit-any

./src/app/api/auth/register/route.ts
26:12  Error: 'error' is defined but never used.  @typescript-eslint/no-unused-vars

./src/app/api/committees/[id]/route.ts
20:12  Error: 'error' is defined but never used.  @typescript-eslint/no-unused-vars
33:12  Error: 'error' is defined but never used.  @typescript-eslint/no-unused-vars
42:12  Error: 'error' is defined but never used.  @typescript-eslint/no-unused-vars

./src/app/api/committees/members/route.ts
27:12  Error: 'error' is defined but never used.  @typescript-eslint/no-unused-vars
48:12  Error: 'error' is defined but never used.  @typescript-eslint/no-unused-vars

./src/app/api/committees/route.ts
9:18  Error: Unexpected any. Specify a different type.  @typescript-eslint/no-explicit-any
24:12  Error: 'error' is defined but never used.  @typescript-eslint/no-unused-vars
43:12  Error: 'error' is defined but never used.  @typescript-eslint/no-unused-vars

./src/app/api/events/route.ts
9:18  Error: Unexpected any. Specify a different type.  @typescript-eslint/no-explicit-any
18:12  Error: 'error' is defined but never used.  @typescript-eslint/no-unused-vars
42:12  Error: 'error' is defined but never used.  @typescript-eslint/no-unused-vars

./src/app/api/families/[id]/route.ts
26:12  Error: 'error' is defined but never used.  @typescript-eslint/no-unused-vars
43:12  Error: 'error' is defined but never used.  @typescript-eslint/no-unused-vars
52:12  Error: 'error' is defined but never used.  @typescript-eslint/no-unused-vars

./src/app/api/families/route.ts
12:18  Error: Unexpected any. Specify a different type.  @typescript-eslint/no-explicit-any
37:12  Error: 'error' is defined but never used.  @typescript-eslint/no-unused-vars
69:35  Error: Unexpected any. Specify a different type.  @typescript-eslint/no-explicit-any

./src/app/api/mahallu/route.ts
18:12  Error: 'error' is defined but never used.  @typescript-eslint/no-unused-vars
31:12  Error: 'error' is defined but never used.  @typescript-eslint/no-unused-vars

./src/app/api/members/[id]/route.ts
17:12  Error: 'error' is defined but never used.  @typescript-eslint/no-unused-vars
35:12  Error: 'error' is defined but never used.  @typescript-eslint/no-unused-vars
44:12  Error: 'error' is defined but never used.  @typescript-eslint/no-unused-vars

./src/app/api/members/route.ts
15:18  Error: Unexpected any. Specify a different type.  @typescript-eslint/no-explicit-any
41:12  Error: 'error' is defined but never used.  @typescript-eslint/no-unused-vars
70:12  Error: 'error' is defined but never used.  @typescript-eslint/no-unused-vars

./src/app/dashboard/announcements/page.tsx
6:54  Error: Unexpected any. Specify a different type.  @typescript-eslint/no-explicit-any
28:60  Warning: React Hook useEffect has a missing dependency: 'fetchAnnouncements'. Either include it or remove the dependency array.  react-hooks/exhaustive-deps
44:75  Error: Unexpected any. Specify a different type.  @typescript-eslint/no-explicit-any

./src/app/dashboard/committees/page.tsx
3:16  Error: 'Users' is defined but never used.  @typescript-eslint/no-unused-vars
6:48  Error: Unexpected any. Specify a different type.  @typescript-eslint/no-explicit-any
12:62  Error: Unexpected any. Specify a different type.  @typescript-eslint/no-explicit-any
14:48  Error: Unexpected any. Specify a different type.  @typescript-eslint/no-explicit-any
32:57  Warning: React Hook useEffect has a missing dependency: 'fetchCommittees'. Either include it or remove the dependency array.  react-hooks/exhaustive-deps
54:40  Error: Unexpected any. Specify a different type.  @typescript-eslint/no-explicit-any
142:52  Error: Unexpected any. Specify a different type.  @typescript-eslint/no-explicit-any
220:41  Error: Unexpected any. Specify a different type.  @typescript-eslint/no-explicit-any

./src/app/dashboard/events/page.tsx
3:53  Error: 'Trash2' is defined but never used.  @typescript-eslint/no-unused-vars
6:40  Error: Unexpected any. Specify a different type.  @typescript-eslint/no-explicit-any
28:53  Warning: React Hook useEffect has a missing dependency: 'fetchEvents'. Either include it or remove the dependency array.  react-hooks/exhaustive-deps

./src/app/dashboard/families/[id]/page.tsx
7:3  Error: 'User' is defined but never used.  @typescript-eslint/no-unused-vars
7:62  Error: 'Edit' is defined but never used.  @typescript-eslint/no-unused-vars
12:40  Error: Unexpected any. Specify a different type.  @typescript-eslint/no-explicit-any
30:38  Warning: React Hook useEffect has a missing dependency: 'fetchFamily'. Either include it or remove the dependency array.  react-hooks/exhaustive-deps
98:39  Error: Unexpected any. Specify a different type.  @typescript-eslint/no-explicit-any
98:44  Error: 'idx' is defined but never used.  @typescript-eslint/no-unused-vars

./src/app/dashboard/families/page.tsx
16:12  Error: Unexpected any. Specify a different type.  @typescript-eslint/no-explicit-any
32:42  Error: Unexpected any. Specify a different type.  @typescript-eslint/no-explicit-any
59:55  Warning: React Hook useEffect has a missing dependency: 'fetchFamilies'. Either include it or remove the dependency array.  react-hooks/exhaustive-deps
72:60  Error: Unexpected any. Specify a different type.  @typescript-eslint/no-explicit-any

./src/app/dashboard/members/page.tsx
3:49  Error: 'Droplets' is defined but never used.  @typescript-eslint/no-unused-vars
3:59  Error: 'GraduationCap' is defined but never used.  @typescript-eslint/no-unused-vars
3:74  Error: 'Briefcase' is defined but never used.  @typescript-eslint/no-unused-vars
6:42  Error: Unexpected any. Specify a different type.  @typescript-eslint/no-explicit-any
32:39  Warning: React Hook useEffect has a missing dependency: 'fetchMembers'. Either include it or remove the dependency array.  react-hooks/exhaustive-deps

./src/app/dashboard/page.tsx
5:46  Error: 'Vote' is defined but never used.  @typescript-eslint/no-unused-vars

./src/app/dashboard/reports/page.tsx
3:21  Error: 'Loader2' is defined but never used.  @typescript-eslint/no-unused-vars
6:36  Error: Unexpected any. Specify a different type.  @typescript-eslint/no-explicit-any
30:59  Error: Unexpected any. Specify a different type.  @typescript-eslint/no-explicit-any
31:45  Error: Unexpected any. Specify a different type.  @typescript-eslint/no-explicit-any
39:28  Error: Unexpected any. Specify a different type.  @typescript-eslint/no-explicit-any
61:60  Error: Unexpected any. Specify a different type.  @typescript-eslint/no-explicit-any
62:48  Error: Unexpected any. Specify a different type.  @typescript-eslint/no-explicit-any
69:56  Error: Unexpected any. Specify a different type.  @typescript-eslint/no-explicit-any
70:71  Error: Unexpected any. Specify a different type.  @typescript-eslint/no-explicit-any
87:25  Error: Unexpected any. Specify a different type.  @typescript-eslint/no-explicit-any

./src/app/dashboard/settings/page.tsx
3:10  Error: 'Settings' is defined but never used.  @typescript-eslint/no-unused-vars
6:10  Error: 'mahallu' is assigned a value but never used.  @typescript-eslint/no-unused-vars
6:42  Error: Unexpected any. Specify a different type.  @typescript-eslint/no-explicit-any

./src/app/login/page.tsx
46:19  Error: Unexpected any. Specify a different type.  @typescript-eslint/no-explicit-any

./src/components/Navbar.tsx
5:19  Error: 'Landmark' is defined but never used.  @typescript-eslint/no-unused-vars

info  - Need to disable some ESLint rules? Learn more here: https://nextjs.org/docs/basic-features/eslint#disabling-rules
